// Jest Snapshot v1, https://goo.gl/fbAQLP

exports[`<App /> renders a navigator 1`] = `<Stub />`;
